// Vitest Snapshot v1, https://vitest.dev/guide/snapshot.html

exports[`Heading > renders properly 1`] = `"<div class="uppercase font-oswald break-words text-heading-l md:text-heading-xl font-medium"></div>"`;

exports[`Heading > renders properly with different props 1`] = `"<h1 class="uppercase font-oswald break-words font-extralight" default="Hello world"></h1>"`;

exports[`Heading > renders properly with various props > size: 2xl, tag: h1, weight: light 1`] = `"<h1 class="uppercase font-oswald break-words text-heading-xl md:text-heading-2xl font-extralight"></h1>"`;

exports[`Heading > renders properly with various props > size: 2xl, tag: h1, weight: medium 1`] = `"<h1 class="uppercase font-oswald break-words text-heading-xl md:text-heading-2xl font-medium"></h1>"`;

exports[`Heading > renders properly with various props > size: 2xl, tag: h2, weight: light 1`] = `"<h2 class="uppercase font-oswald break-words text-heading-xl md:text-heading-2xl font-extralight"></h2>"`;

exports[`Heading > renders properly with various props > size: 2xl, tag: h2, weight: medium 1`] = `"<h2 class="uppercase font-oswald break-words text-heading-xl md:text-heading-2xl font-medium"></h2>"`;

exports[`Heading > renders properly with various props > size: 2xl, tag: h3, weight: light 1`] = `"<h3 class="uppercase font-oswald break-words text-heading-xl md:text-heading-2xl font-extralight"></h3>"`;

exports[`Heading > renders properly with various props > size: 2xl, tag: h3, weight: medium 1`] = `"<h3 class="uppercase font-oswald break-words text-heading-xl md:text-heading-2xl font-medium"></h3>"`;

exports[`Heading > renders properly with various props > size: 2xl, tag: h4, weight: light 1`] = `"<h4 class="uppercase font-oswald break-words text-heading-xl md:text-heading-2xl font-extralight"></h4>"`;

exports[`Heading > renders properly with various props > size: 2xl, tag: h4, weight: medium 1`] = `"<h4 class="uppercase font-oswald break-words text-heading-xl md:text-heading-2xl font-medium"></h4>"`;

exports[`Heading > renders properly with various props > size: 2xl, tag: h5, weight: light 1`] = `"<h5 class="uppercase font-oswald break-words text-heading-xl md:text-heading-2xl font-extralight"></h5>"`;

exports[`Heading > renders properly with various props > size: 2xl, tag: h5, weight: medium 1`] = `"<h5 class="uppercase font-oswald break-words text-heading-xl md:text-heading-2xl font-medium"></h5>"`;

exports[`Heading > renders properly with various props > size: 2xl, tag: h6, weight: light 1`] = `"<h6 class="uppercase font-oswald break-words text-heading-xl md:text-heading-2xl font-extralight"></h6>"`;

exports[`Heading > renders properly with various props > size: 2xl, tag: h6, weight: medium 1`] = `"<h6 class="uppercase font-oswald break-words text-heading-xl md:text-heading-2xl font-medium"></h6>"`;

exports[`Heading > renders properly with various props > size: 2xl, tag: label, weight: light 1`] = `"<label class="uppercase font-oswald break-words text-heading-xl md:text-heading-2xl font-extralight"></label>"`;

exports[`Heading > renders properly with various props > size: 2xl, tag: label, weight: medium 1`] = `"<label class="uppercase font-oswald break-words text-heading-xl md:text-heading-2xl font-medium"></label>"`;

exports[`Heading > renders properly with various props > size: 2xl, tag: p, weight: light 1`] = `"<p class="uppercase font-oswald break-words text-heading-xl md:text-heading-2xl font-extralight"></p>"`;

exports[`Heading > renders properly with various props > size: 2xl, tag: p, weight: medium 1`] = `"<p class="uppercase font-oswald break-words text-heading-xl md:text-heading-2xl font-medium"></p>"`;

exports[`Heading > renders properly with various props > size: 2xl, tag: span, weight: light 1`] = `"<span class="uppercase font-oswald break-words text-heading-xl md:text-heading-2xl font-extralight"></span>"`;

exports[`Heading > renders properly with various props > size: 2xl, tag: span, weight: medium 1`] = `"<span class="uppercase font-oswald break-words text-heading-xl md:text-heading-2xl font-medium"></span>"`;

exports[`Heading > renders properly with various props > size: l, tag: h1, weight: light 1`] = `"<h1 class="uppercase font-oswald break-words text-heading-m md:text-heading-l font-extralight"></h1>"`;

exports[`Heading > renders properly with various props > size: l, tag: h1, weight: medium 1`] = `"<h1 class="uppercase font-oswald break-words text-heading-m md:text-heading-l font-medium"></h1>"`;

exports[`Heading > renders properly with various props > size: l, tag: h2, weight: light 1`] = `"<h2 class="uppercase font-oswald break-words text-heading-m md:text-heading-l font-extralight"></h2>"`;

exports[`Heading > renders properly with various props > size: l, tag: h2, weight: medium 1`] = `"<h2 class="uppercase font-oswald break-words text-heading-m md:text-heading-l font-medium"></h2>"`;

exports[`Heading > renders properly with various props > size: l, tag: h3, weight: light 1`] = `"<h3 class="uppercase font-oswald break-words text-heading-m md:text-heading-l font-extralight"></h3>"`;

exports[`Heading > renders properly with various props > size: l, tag: h3, weight: medium 1`] = `"<h3 class="uppercase font-oswald break-words text-heading-m md:text-heading-l font-medium"></h3>"`;

exports[`Heading > renders properly with various props > size: l, tag: h4, weight: light 1`] = `"<h4 class="uppercase font-oswald break-words text-heading-m md:text-heading-l font-extralight"></h4>"`;

exports[`Heading > renders properly with various props > size: l, tag: h4, weight: medium 1`] = `"<h4 class="uppercase font-oswald break-words text-heading-m md:text-heading-l font-medium"></h4>"`;

exports[`Heading > renders properly with various props > size: l, tag: h5, weight: light 1`] = `"<h5 class="uppercase font-oswald break-words text-heading-m md:text-heading-l font-extralight"></h5>"`;

exports[`Heading > renders properly with various props > size: l, tag: h5, weight: medium 1`] = `"<h5 class="uppercase font-oswald break-words text-heading-m md:text-heading-l font-medium"></h5>"`;

exports[`Heading > renders properly with various props > size: l, tag: h6, weight: light 1`] = `"<h6 class="uppercase font-oswald break-words text-heading-m md:text-heading-l font-extralight"></h6>"`;

exports[`Heading > renders properly with various props > size: l, tag: h6, weight: medium 1`] = `"<h6 class="uppercase font-oswald break-words text-heading-m md:text-heading-l font-medium"></h6>"`;

exports[`Heading > renders properly with various props > size: l, tag: label, weight: light 1`] = `"<label class="uppercase font-oswald break-words text-heading-m md:text-heading-l font-extralight"></label>"`;

exports[`Heading > renders properly with various props > size: l, tag: label, weight: medium 1`] = `"<label class="uppercase font-oswald break-words text-heading-m md:text-heading-l font-medium"></label>"`;

exports[`Heading > renders properly with various props > size: l, tag: p, weight: light 1`] = `"<p class="uppercase font-oswald break-words text-heading-m md:text-heading-l font-extralight"></p>"`;

exports[`Heading > renders properly with various props > size: l, tag: p, weight: medium 1`] = `"<p class="uppercase font-oswald break-words text-heading-m md:text-heading-l font-medium"></p>"`;

exports[`Heading > renders properly with various props > size: l, tag: span, weight: light 1`] = `"<span class="uppercase font-oswald break-words text-heading-m md:text-heading-l font-extralight"></span>"`;

exports[`Heading > renders properly with various props > size: l, tag: span, weight: medium 1`] = `"<span class="uppercase font-oswald break-words text-heading-m md:text-heading-l font-medium"></span>"`;

exports[`Heading > renders properly with various props > size: m, tag: h1, weight: light 1`] = `"<h1 class="uppercase font-oswald break-words text-heading-s md:text-heading-m font-extralight"></h1>"`;

exports[`Heading > renders properly with various props > size: m, tag: h1, weight: medium 1`] = `"<h1 class="uppercase font-oswald break-words text-heading-s md:text-heading-m font-medium"></h1>"`;

exports[`Heading > renders properly with various props > size: m, tag: h2, weight: light 1`] = `"<h2 class="uppercase font-oswald break-words text-heading-s md:text-heading-m font-extralight"></h2>"`;

exports[`Heading > renders properly with various props > size: m, tag: h2, weight: medium 1`] = `"<h2 class="uppercase font-oswald break-words text-heading-s md:text-heading-m font-medium"></h2>"`;

exports[`Heading > renders properly with various props > size: m, tag: h3, weight: light 1`] = `"<h3 class="uppercase font-oswald break-words text-heading-s md:text-heading-m font-extralight"></h3>"`;

exports[`Heading > renders properly with various props > size: m, tag: h3, weight: medium 1`] = `"<h3 class="uppercase font-oswald break-words text-heading-s md:text-heading-m font-medium"></h3>"`;

exports[`Heading > renders properly with various props > size: m, tag: h4, weight: light 1`] = `"<h4 class="uppercase font-oswald break-words text-heading-s md:text-heading-m font-extralight"></h4>"`;

exports[`Heading > renders properly with various props > size: m, tag: h4, weight: medium 1`] = `"<h4 class="uppercase font-oswald break-words text-heading-s md:text-heading-m font-medium"></h4>"`;

exports[`Heading > renders properly with various props > size: m, tag: h5, weight: light 1`] = `"<h5 class="uppercase font-oswald break-words text-heading-s md:text-heading-m font-extralight"></h5>"`;

exports[`Heading > renders properly with various props > size: m, tag: h5, weight: medium 1`] = `"<h5 class="uppercase font-oswald break-words text-heading-s md:text-heading-m font-medium"></h5>"`;

exports[`Heading > renders properly with various props > size: m, tag: h6, weight: light 1`] = `"<h6 class="uppercase font-oswald break-words text-heading-s md:text-heading-m font-extralight"></h6>"`;

exports[`Heading > renders properly with various props > size: m, tag: h6, weight: medium 1`] = `"<h6 class="uppercase font-oswald break-words text-heading-s md:text-heading-m font-medium"></h6>"`;

exports[`Heading > renders properly with various props > size: m, tag: label, weight: light 1`] = `"<label class="uppercase font-oswald break-words text-heading-s md:text-heading-m font-extralight"></label>"`;

exports[`Heading > renders properly with various props > size: m, tag: label, weight: medium 1`] = `"<label class="uppercase font-oswald break-words text-heading-s md:text-heading-m font-medium"></label>"`;

exports[`Heading > renders properly with various props > size: m, tag: p, weight: light 1`] = `"<p class="uppercase font-oswald break-words text-heading-s md:text-heading-m font-extralight"></p>"`;

exports[`Heading > renders properly with various props > size: m, tag: p, weight: medium 1`] = `"<p class="uppercase font-oswald break-words text-heading-s md:text-heading-m font-medium"></p>"`;

exports[`Heading > renders properly with various props > size: m, tag: span, weight: light 1`] = `"<span class="uppercase font-oswald break-words text-heading-s md:text-heading-m font-extralight"></span>"`;

exports[`Heading > renders properly with various props > size: m, tag: span, weight: medium 1`] = `"<span class="uppercase font-oswald break-words text-heading-s md:text-heading-m font-medium"></span>"`;

exports[`Heading > renders properly with various props > size: s, tag: h1, weight: light 1`] = `"<h1 class="uppercase font-oswald break-words text-heading-s font-extralight"></h1>"`;

exports[`Heading > renders properly with various props > size: s, tag: h1, weight: medium 1`] = `"<h1 class="uppercase font-oswald break-words text-heading-s font-medium"></h1>"`;

exports[`Heading > renders properly with various props > size: s, tag: h2, weight: light 1`] = `"<h2 class="uppercase font-oswald break-words text-heading-s font-extralight"></h2>"`;

exports[`Heading > renders properly with various props > size: s, tag: h2, weight: medium 1`] = `"<h2 class="uppercase font-oswald break-words text-heading-s font-medium"></h2>"`;

exports[`Heading > renders properly with various props > size: s, tag: h3, weight: light 1`] = `"<h3 class="uppercase font-oswald break-words text-heading-s font-extralight"></h3>"`;

exports[`Heading > renders properly with various props > size: s, tag: h3, weight: medium 1`] = `"<h3 class="uppercase font-oswald break-words text-heading-s font-medium"></h3>"`;

exports[`Heading > renders properly with various props > size: s, tag: h4, weight: light 1`] = `"<h4 class="uppercase font-oswald break-words text-heading-s font-extralight"></h4>"`;

exports[`Heading > renders properly with various props > size: s, tag: h4, weight: medium 1`] = `"<h4 class="uppercase font-oswald break-words text-heading-s font-medium"></h4>"`;

exports[`Heading > renders properly with various props > size: s, tag: h5, weight: light 1`] = `"<h5 class="uppercase font-oswald break-words text-heading-s font-extralight"></h5>"`;

exports[`Heading > renders properly with various props > size: s, tag: h5, weight: medium 1`] = `"<h5 class="uppercase font-oswald break-words text-heading-s font-medium"></h5>"`;

exports[`Heading > renders properly with various props > size: s, tag: h6, weight: light 1`] = `"<h6 class="uppercase font-oswald break-words text-heading-s font-extralight"></h6>"`;

exports[`Heading > renders properly with various props > size: s, tag: h6, weight: medium 1`] = `"<h6 class="uppercase font-oswald break-words text-heading-s font-medium"></h6>"`;

exports[`Heading > renders properly with various props > size: s, tag: label, weight: light 1`] = `"<label class="uppercase font-oswald break-words text-heading-s font-extralight"></label>"`;

exports[`Heading > renders properly with various props > size: s, tag: label, weight: medium 1`] = `"<label class="uppercase font-oswald break-words text-heading-s font-medium"></label>"`;

exports[`Heading > renders properly with various props > size: s, tag: p, weight: light 1`] = `"<p class="uppercase font-oswald break-words text-heading-s font-extralight"></p>"`;

exports[`Heading > renders properly with various props > size: s, tag: p, weight: medium 1`] = `"<p class="uppercase font-oswald break-words text-heading-s font-medium"></p>"`;

exports[`Heading > renders properly with various props > size: s, tag: span, weight: light 1`] = `"<span class="uppercase font-oswald break-words text-heading-s font-extralight"></span>"`;

exports[`Heading > renders properly with various props > size: s, tag: span, weight: medium 1`] = `"<span class="uppercase font-oswald break-words text-heading-s font-medium"></span>"`;

exports[`Heading > renders properly with various props > size: xl, tag: h1, weight: light 1`] = `"<h1 class="uppercase font-oswald break-words text-heading-l md:text-heading-xl font-extralight"></h1>"`;

exports[`Heading > renders properly with various props > size: xl, tag: h1, weight: medium 1`] = `"<h1 class="uppercase font-oswald break-words text-heading-l md:text-heading-xl font-medium"></h1>"`;

exports[`Heading > renders properly with various props > size: xl, tag: h2, weight: light 1`] = `"<h2 class="uppercase font-oswald break-words text-heading-l md:text-heading-xl font-extralight"></h2>"`;

exports[`Heading > renders properly with various props > size: xl, tag: h2, weight: medium 1`] = `"<h2 class="uppercase font-oswald break-words text-heading-l md:text-heading-xl font-medium"></h2>"`;

exports[`Heading > renders properly with various props > size: xl, tag: h3, weight: light 1`] = `"<h3 class="uppercase font-oswald break-words text-heading-l md:text-heading-xl font-extralight"></h3>"`;

exports[`Heading > renders properly with various props > size: xl, tag: h3, weight: medium 1`] = `"<h3 class="uppercase font-oswald break-words text-heading-l md:text-heading-xl font-medium"></h3>"`;

exports[`Heading > renders properly with various props > size: xl, tag: h4, weight: light 1`] = `"<h4 class="uppercase font-oswald break-words text-heading-l md:text-heading-xl font-extralight"></h4>"`;

exports[`Heading > renders properly with various props > size: xl, tag: h4, weight: medium 1`] = `"<h4 class="uppercase font-oswald break-words text-heading-l md:text-heading-xl font-medium"></h4>"`;

exports[`Heading > renders properly with various props > size: xl, tag: h5, weight: light 1`] = `"<h5 class="uppercase font-oswald break-words text-heading-l md:text-heading-xl font-extralight"></h5>"`;

exports[`Heading > renders properly with various props > size: xl, tag: h5, weight: medium 1`] = `"<h5 class="uppercase font-oswald break-words text-heading-l md:text-heading-xl font-medium"></h5>"`;

exports[`Heading > renders properly with various props > size: xl, tag: h6, weight: light 1`] = `"<h6 class="uppercase font-oswald break-words text-heading-l md:text-heading-xl font-extralight"></h6>"`;

exports[`Heading > renders properly with various props > size: xl, tag: h6, weight: medium 1`] = `"<h6 class="uppercase font-oswald break-words text-heading-l md:text-heading-xl font-medium"></h6>"`;

exports[`Heading > renders properly with various props > size: xl, tag: label, weight: light 1`] = `"<label class="uppercase font-oswald break-words text-heading-l md:text-heading-xl font-extralight"></label>"`;

exports[`Heading > renders properly with various props > size: xl, tag: label, weight: medium 1`] = `"<label class="uppercase font-oswald break-words text-heading-l md:text-heading-xl font-medium"></label>"`;

exports[`Heading > renders properly with various props > size: xl, tag: p, weight: light 1`] = `"<p class="uppercase font-oswald break-words text-heading-l md:text-heading-xl font-extralight"></p>"`;

exports[`Heading > renders properly with various props > size: xl, tag: p, weight: medium 1`] = `"<p class="uppercase font-oswald break-words text-heading-l md:text-heading-xl font-medium"></p>"`;

exports[`Heading > renders properly with various props > size: xl, tag: span, weight: light 1`] = `"<span class="uppercase font-oswald break-words text-heading-l md:text-heading-xl font-extralight"></span>"`;

exports[`Heading > renders properly with various props > size: xl, tag: span, weight: medium 1`] = `"<span class="uppercase font-oswald break-words text-heading-l md:text-heading-xl font-medium"></span>"`;

exports[`Heading > renders properly with various props > size: xs, tag: h1, weight: light 1`] = `"<h1 class="uppercase font-oswald break-words text-heading-xs font-extralight"></h1>"`;

exports[`Heading > renders properly with various props > size: xs, tag: h1, weight: medium 1`] = `"<h1 class="uppercase font-oswald break-words text-heading-xs font-medium"></h1>"`;

exports[`Heading > renders properly with various props > size: xs, tag: h2, weight: light 1`] = `"<h2 class="uppercase font-oswald break-words text-heading-xs font-extralight"></h2>"`;

exports[`Heading > renders properly with various props > size: xs, tag: h2, weight: medium 1`] = `"<h2 class="uppercase font-oswald break-words text-heading-xs font-medium"></h2>"`;

exports[`Heading > renders properly with various props > size: xs, tag: h3, weight: light 1`] = `"<h3 class="uppercase font-oswald break-words text-heading-xs font-extralight"></h3>"`;

exports[`Heading > renders properly with various props > size: xs, tag: h3, weight: medium 1`] = `"<h3 class="uppercase font-oswald break-words text-heading-xs font-medium"></h3>"`;

exports[`Heading > renders properly with various props > size: xs, tag: h4, weight: light 1`] = `"<h4 class="uppercase font-oswald break-words text-heading-xs font-extralight"></h4>"`;

exports[`Heading > renders properly with various props > size: xs, tag: h4, weight: medium 1`] = `"<h4 class="uppercase font-oswald break-words text-heading-xs font-medium"></h4>"`;

exports[`Heading > renders properly with various props > size: xs, tag: h5, weight: light 1`] = `"<h5 class="uppercase font-oswald break-words text-heading-xs font-extralight"></h5>"`;

exports[`Heading > renders properly with various props > size: xs, tag: h5, weight: medium 1`] = `"<h5 class="uppercase font-oswald break-words text-heading-xs font-medium"></h5>"`;

exports[`Heading > renders properly with various props > size: xs, tag: h6, weight: light 1`] = `"<h6 class="uppercase font-oswald break-words text-heading-xs font-extralight"></h6>"`;

exports[`Heading > renders properly with various props > size: xs, tag: h6, weight: medium 1`] = `"<h6 class="uppercase font-oswald break-words text-heading-xs font-medium"></h6>"`;

exports[`Heading > renders properly with various props > size: xs, tag: label, weight: light 1`] = `"<label class="uppercase font-oswald break-words text-heading-xs font-extralight"></label>"`;

exports[`Heading > renders properly with various props > size: xs, tag: label, weight: medium 1`] = `"<label class="uppercase font-oswald break-words text-heading-xs font-medium"></label>"`;

exports[`Heading > renders properly with various props > size: xs, tag: p, weight: light 1`] = `"<p class="uppercase font-oswald break-words text-heading-xs font-extralight"></p>"`;

exports[`Heading > renders properly with various props > size: xs, tag: p, weight: medium 1`] = `"<p class="uppercase font-oswald break-words text-heading-xs font-medium"></p>"`;

exports[`Heading > renders properly with various props > size: xs, tag: span, weight: light 1`] = `"<span class="uppercase font-oswald break-words text-heading-xs font-extralight"></span>"`;

exports[`Heading > renders properly with various props > size: xs, tag: span, weight: medium 1`] = `"<span class="uppercase font-oswald break-words text-heading-xs font-medium"></span>"`;
