// Vitest Snapshot v1, https://vitest.dev/guide/snapshot.html

exports[`ExpandableBlock > renders correctly with slots, snapshot 1`] = `
"<div>
  <div class="cursor-pointer select-none" tabindex="0">
    <div>head</div>
  </div>
  <div style="height: 0px;" class="overflow-hidden transition-all duration-200">
    <div>body</div>
  </div>
</div>"
`;
