// Vitest Snapshot v1, https://vitest.dev/guide/snapshot.html

exports[`Toggler > should not toggle when disabled > Disabled state 1`] = `"<label data-v-9d00f2f6="" tabindex="-1" class="relative block h-6 w-[2.875rem] rounded-full duration-200 focus-visible:outline-none focus-visible:ring-offset-2 bg-blue-500 opacity-40"><input data-v-9d00f2f6="" tabindex="-1" disabled="" class="h-0 w-0 opacity-0" type="checkbox"><span data-v-9d00f2f6="" class="ball-animation absolute bottom-1 left-1 h-4 w-4 rounded-full bg-white"></span></label>"`;

exports[`Toggler > should render correctly > Initial render 1`] = `"<label data-v-9d00f2f6="" tabindex="0" class="relative block h-6 w-[2.875rem] rounded-full duration-200 focus-visible:outline-none focus-visible:ring-offset-2 bg-grey-400 hover:bg-grey-600 cursor-pointer focus-visible:ring-2 focus-visible:ring-blue-600"><input data-v-9d00f2f6="" tabindex="-1" class="h-0 w-0 opacity-0" type="checkbox"><span data-v-9d00f2f6="" class="ball-animation absolute bottom-1 left-1 h-4 w-4 rounded-full bg-white"></span></label>"`;

exports[`Toggler > should toggle active state on Enter key press > Active state after Enter key press 1`] = `"<label data-v-9d00f2f6="" tabindex="0" class="relative block h-6 w-[2.875rem] rounded-full duration-200 focus-visible:outline-none focus-visible:ring-offset-2 bg-blue-600 hover:bg-blue-700 cursor-pointer focus-visible:ring-2 focus-visible:ring-blue-600"><input data-v-9d00f2f6="" tabindex="-1" class="h-0 w-0 opacity-0" type="checkbox"><span data-v-9d00f2f6="" class="ball-animation absolute bottom-1 left-1 h-4 w-4 rounded-full bg-white"></span></label>"`;

exports[`Toggler > should toggle active state on click > Active state 1`] = `"<label data-v-9d00f2f6="" tabindex="0" class="relative block h-6 w-[2.875rem] rounded-full duration-200 focus-visible:outline-none focus-visible:ring-offset-2 bg-blue-600 hover:bg-blue-700 cursor-pointer focus-visible:ring-2 focus-visible:ring-blue-600"><input data-v-9d00f2f6="" tabindex="-1" class="h-0 w-0 opacity-0" type="checkbox"><span data-v-9d00f2f6="" class="ball-animation absolute bottom-1 left-1 h-4 w-4 rounded-full bg-white"></span></label>"`;
